// Jest Snapshot v1, https://goo.gl/fbAQLP

exports[`GalleryImageList should render correctly 1`] = `
<View
  style={
    {
      "flex": 1,
    }
  }
>
  <RCTScrollView
    applyWindowCorrection={[Function]}
    canChangeSize={true}
    contentContainerStyle={
      {
        "backgroundColor": "#f5f5f5",
        "minHeight": 1,
        "minWidth": 1,
        "paddingLeft": 0,
        "paddingRight": 0,
      }
    }
    contentHeight={194}
    contentWidth={400}
    data={
      [
        {
          "node": {
            "group_name": "All Photos",
            "image": {
              "fileSize": null,
              "filename": null,
              "height": null,
              "playableDuration": null,
              "uri": "some_uri_1",
              "width": null,
            },
            "location": null,
            "timestamp": 1669976394.6891332,
            "type": "image",
          },
        },
        {
          "node": {
            "group_name": "All Photos",
            "image": {
              "fileSize": null,
              "filename": null,
              "height": null,
              "playableDuration": null,
              "uri": "some_uri_2",
              "width": null,
            },
            "location": null,
            "timestamp": 1669976352.0699105,
            "type": "image",
          },
        },
        {
          "node": {
            "group_name": "All Photos",
            "image": {
              "fileSize": null,
              "filename": null,
              "height": null,
              "playableDuration": null,
              "uri": "some_uri_3",
              "width": null,
            },
            "location": null,
            "timestamp": 1669976241.7418242,
            "type": "image",
          },
        },
        {
          "node": {
            "group_name": "All Photos",
            "image": {
              "fileSize": null,
              "filename": null,
              "height": null,
              "playableDuration": null,
              "uri": "some_uri_4",
              "width": null,
            },
            "location": null,
            "timestamp": 1669801317.2202396,
            "type": "image",
          },
        },
        {
          "node": {
            "group_name": "All Photos",
            "image": {
              "fileSize": null,
              "filename": null,
              "height": null,
              "playableDuration": null,
              "uri": "some_uri_5",
              "width": null,
            },
            "location": null,
            "timestamp": 1669801317.2202396,
            "type": "image",
          },
        },
      ]
    }
    dataProvider={
      DataProvider {
        "_data": [
          {
            "node": {
              "group_name": "All Photos",
              "image": {
                "fileSize": null,
                "filename": null,
                "height": null,
                "playableDuration": null,
                "uri": "some_uri_1",
                "width": null,
              },
              "location": null,
              "timestamp": 1669976394.6891332,
              "type": "image",
            },
          },
          {
            "node": {
              "group_name": "All Photos",
              "image": {
                "fileSize": null,
                "filename": null,
                "height": null,
                "playableDuration": null,
                "uri": "some_uri_2",
                "width": null,
              },
              "location": null,
              "timestamp": 1669976352.0699105,
              "type": "image",
            },
          },
          {
            "node": {
              "group_name": "All Photos",
              "image": {
                "fileSize": null,
                "filename": null,
                "height": null,
                "playableDuration": null,
                "uri": "some_uri_3",
                "width": null,
              },
              "location": null,
              "timestamp": 1669976241.7418242,
              "type": "image",
            },
          },
          {
            "node": {
              "group_name": "All Photos",
              "image": {
                "fileSize": null,
                "filename": null,
                "height": null,
                "playableDuration": null,
                "uri": "some_uri_4",
                "width": null,
              },
              "location": null,
              "timestamp": 1669801317.2202396,
              "type": "image",
            },
          },
          {
            "node": {
              "group_name": "All Photos",
              "image": {
                "fileSize": null,
                "filename": null,
                "height": null,
                "playableDuration": null,
                "uri": "some_uri_5",
                "width": null,
              },
              "location": null,
              "timestamp": 1669801317.2202396,
              "type": "image",
            },
          },
        ],
        "_firstIndexToProcess": 0,
        "_hasStableIds": true,
        "_requiresDataChangeHandling": false,
        "_size": 5,
        "getStableId": [Function],
        "rowHasChanged": [Function],
      }
    }
    disableRecycling={false}
    estimatedItemSize={97}
    extendedState={{}}
    externalScrollView={[Function]}
    finalRenderAheadOffset={250}
    forceNonDeterministicRendering={true}
    getItemLayout={[Function]}
    horizontal={false}
    initialNumToRender={4}
    initialOffset={0}
    initialRenderIndex={0}
    isHorizontal={false}
    keyExtractor={[Function]}
    layoutProvider={
      GridLayoutProviderWithProps {
        "_acceptableRelayoutDelta": 1,
        "_getHeightOrWidth": [Function],
        "_getLayoutTypeForIndex": [Function],
        "_getSpan": [Function],
        "_hasExpired": false,
        "_isHorizontal": false,
        "_lastLayoutManager": GridLayoutManager {
          "_acceptableRelayoutDelta": 1,
          "_getSpan": [Function],
          "_isGridHorizontal": false,
          "_isHorizontal": false,
          "_layoutProvider": [Circular],
          "_layouts": [
            {
              "height": 97,
              "type": 0,
              "width": 100,
              "x": 0,
              "y": 0,
            },
            {
              "height": 97,
              "type": 0,
              "width": 100,
              "x": 100,
              "y": 0,
            },
            {
              "height": 97,
              "type": 0,
              "width": 100,
              "x": 200,
              "y": 0,
            },
            {
              "height": 97,
              "type": 0,
              "width": 100,
              "x": 300,
              "y": 0,
            },
            {
              "height": 97,
              "type": 0,
              "width": 100,
              "x": 0,
              "y": 97,
            },
          ],
          "_maxSpan": 4,
          "_renderWindowSize": {
            "height": 900,
            "width": 400,
          },
          "_totalHeight": 194,
          "_totalWidth": 400,
          "_window": {
            "height": 900,
            "width": 400,
          },
        },
        "_maxSpan": 4,
        "_renderWindowSize": {
          "height": 900,
          "width": 400,
        },
        "_setLayoutForType": [Function],
        "_tempDim": {
          "height": 0,
          "width": 0,
        },
        "averageWindow": AverageWindow {
          "currentAverage": 97,
          "currentCount": 1,
          "inputValues": [
            97,
            ,
            ,
            ,
            ,
            ,
            ,
            ,
            ,
            ,
            ,
            ,
            ,
            ,
            ,
            ,
            ,
            ,
            ,
            ,
            ,
            ,
            ,
            ,
            ,
            ,
            ,
            ,
            ,
            ,
            ,
            ,
            ,
            ,
            ,
            ,
            ,
            ,
            ,
            ,
            ,
            ,
            ,
            ,
            ,
            ,
            ,
            ,
            ,
            ,
            ,
            ,
            ,
            ,
            ,
            ,
            ,
            ,
            ,
            ,
            ,
            ,
            ,
            ,
            ,
            ,
            ,
            ,
            ,
            ,
            ,
            ,
          ],
          "nextIndex": 1,
        },
        "defaultEstimatedItemSize": 100,
        "layoutObject": {
          "size": undefined,
          "span": undefined,
        },
        "props": {
          "contentContainerStyle": {
            "backgroundColor": "#f5f5f5",
          },
          "data": [
            {
              "node": {
                "group_name": "All Photos",
                "image": {
                  "fileSize": null,
                  "filename": null,
                  "height": null,
                  "playableDuration": null,
                  "uri": "some_uri_1",
                  "width": null,
                },
                "location": null,
                "timestamp": 1669976394.6891332,
                "type": "image",
              },
            },
            {
              "node": {
                "group_name": "All Photos",
                "image": {
                  "fileSize": null,
                  "filename": null,
                  "height": null,
                  "playableDuration": null,
                  "uri": "some_uri_2",
                  "width": null,
                },
                "location": null,
                "timestamp": 1669976352.0699105,
                "type": "image",
              },
            },
            {
              "node": {
                "group_name": "All Photos",
                "image": {
                  "fileSize": null,
                  "filename": null,
                  "height": null,
                  "playableDuration": null,
                  "uri": "some_uri_3",
                  "width": null,
                },
                "location": null,
                "timestamp": 1669976241.7418242,
                "type": "image",
              },
            },
            {
              "node": {
                "group_name": "All Photos",
                "image": {
                  "fileSize": null,
                  "filename": null,
                  "height": null,
                  "playableDuration": null,
                  "uri": "some_uri_4",
                  "width": null,
                },
                "location": null,
                "timestamp": 1669801317.2202396,
                "type": "image",
              },
            },
            {
              "node": {
                "group_name": "All Photos",
                "image": {
                  "fileSize": null,
                  "filename": null,
                  "height": null,
                  "playableDuration": null,
                  "uri": "some_uri_5",
                  "width": null,
                },
                "location": null,
                "timestamp": 1669801317.2202396,
                "type": "image",
              },
            },
          ],
          "estimatedItemSize": 97,
          "getItemLayout": [Function],
          "initialNumToRender": 4,
          "keyExtractor": [Function],
          "numColumns": 4,
          "onEndReached": [Function],
          "onEndReachedThreshold": 0.2,
          "renderItem": [Function],
          "testID": "gallery-image-list",
        },
        "renderWindowInsets": {
          "height": 0,
          "width": 0,
        },
        "shouldRefreshWithAnchoring": true,
      }
    }
    maxRenderAhead={750}
    numColumns={4}
    onEndReached={[Function]}
    onEndReachedThreshold={0}
    onEndReachedThresholdRelative={0.2}
    onItemLayout={[Function]}
    onLayout={[Function]}
    onScroll={[Function]}
    onScrollBeginDrag={[Function]}
    onSizeChanged={[Function]}
    onVisibleIndicesChanged={[Function]}
    removeClippedSubviews={false}
    renderAheadOffset={0}
    renderAheadStep={250}
    renderContentContainer={[Function]}
    renderItem={[Function]}
    renderItemContainer={[Function]}
    rowRenderer={[Function]}
    scrollEventThrottle={16}
    scrollThrottle={16}
    scrollViewProps={
      {
        "contentContainerStyle": {
          "backgroundColor": "#f5f5f5",
          "minHeight": 1,
          "minWidth": 1,
          "paddingLeft": 0,
          "paddingRight": 0,
        },
        "onLayout": [Function],
        "onScrollBeginDrag": [Function],
        "refreshControl": undefined,
        "style": {
          "minHeight": 1,
          "minWidth": 1,
        },
      }
    }
    style={
      {
        "minHeight": 1,
        "minWidth": 1,
      }
    }
    suppressBoundedSizeException={true}
    testID="gallery-image-list"
    windowCorrectionConfig={
      {
        "applyToInitialOffset": true,
        "applyToItemScroll": true,
        "value": {
          "endCorrection": 0,
          "startCorrection": 0,
          "windowShift": -0,
        },
      }
    }
  >
    <View>
      <View
        style={
          {
            "flexDirection": "column",
          }
        }
      >
        <View
          style={
            {
              "paddingLeft": 0,
              "paddingTop": 0,
            }
          }
        />
        <View
          style={
            [
              undefined,
              undefined,
            ]
          }
        />
        <AutoLayoutView
          enableInstrumentation={false}
          horizontal={false}
          onBlankAreaEvent={[Function]}
          onLayout={[Function]}
          renderAheadOffset={0}
          scrollOffset={0}
          style={
            {
              "height": 194,
              "width": 400,
            }
          }
          windowSize={900}
        >
          <CellContainer
            index={0}
            onLayout={[Function]}
            style={
              {
                "alignItems": "stretch",
                "flexDirection": "column",
                "left": 0,
                "position": "absolute",
                "top": 0,
                "width": 100,
              }
            }
          >
            <View
              style={
                {
                  "flexDirection": "row",
                }
              }
            >
              <View
                accessibilityLabel="some_uri_1"
                accessible={true}
                collapsable={false}
                focusable={true}
                onClick={[Function]}
                onResponderGrant={[Function]}
                onResponderMove={[Function]}
                onResponderRelease={[Function]}
                onResponderTerminate={[Function]}
                onResponderTerminationRequest={[Function]}
                onStartShouldSetResponder={[Function]}
                style={
                  {
                    "opacity": 1,
                    "paddingHorizontal": 1,
                    "paddingTop": 2,
                  }
                }
              >
                <Image
                  source={
                    {
                      "uri": "some_uri_1",
                    }
                  }
                  style={
                    {
                      "height": 185.5,
                      "width": 185.5,
                    }
                  }
                />
              </View>
            </View>
          </CellContainer>
          <CellContainer
            index={1}
            onLayout={[Function]}
            style={
              {
                "alignItems": "stretch",
                "flexDirection": "column",
                "left": 100,
                "position": "absolute",
                "top": 0,
                "width": 100,
              }
            }
          >
            <View
              style={
                {
                  "flexDirection": "row",
                }
              }
            >
              <View
                accessibilityLabel="some_uri_2"
                accessible={true}
                collapsable={false}
                focusable={true}
                onClick={[Function]}
                onResponderGrant={[Function]}
                onResponderMove={[Function]}
                onResponderRelease={[Function]}
                onResponderTerminate={[Function]}
                onResponderTerminationRequest={[Function]}
                onStartShouldSetResponder={[Function]}
                style={
                  {
                    "opacity": 1,
                    "paddingHorizontal": 1,
                    "paddingTop": 2,
                  }
                }
              >
                <Image
                  source={
                    {
                      "uri": "some_uri_2",
                    }
                  }
                  style={
                    {
                      "height": 185.5,
                      "width": 185.5,
                    }
                  }
                />
              </View>
            </View>
          </CellContainer>
          <CellContainer
            index={2}
            onLayout={[Function]}
            style={
              {
                "alignItems": "stretch",
                "flexDirection": "column",
                "left": 200,
                "position": "absolute",
                "top": 0,
                "width": 100,
              }
            }
          >
            <View
              style={
                {
                  "flexDirection": "row",
                }
              }
            >
              <View
                accessibilityLabel="some_uri_3"
                accessible={true}
                collapsable={false}
                focusable={true}
                onClick={[Function]}
                onResponderGrant={[Function]}
                onResponderMove={[Function]}
                onResponderRelease={[Function]}
                onResponderTerminate={[Function]}
                onResponderTerminationRequest={[Function]}
                onStartShouldSetResponder={[Function]}
                style={
                  {
                    "opacity": 1,
                    "paddingHorizontal": 1,
                    "paddingTop": 2,
                  }
                }
              >
                <Image
                  source={
                    {
                      "uri": "some_uri_3",
                    }
                  }
                  style={
                    {
                      "height": 185.5,
                      "width": 185.5,
                    }
                  }
                />
              </View>
            </View>
          </CellContainer>
          <CellContainer
            index={3}
            onLayout={[Function]}
            style={
              {
                "alignItems": "stretch",
                "flexDirection": "column",
                "left": 300,
                "position": "absolute",
                "top": 0,
                "width": 100,
              }
            }
          >
            <View
              style={
                {
                  "flexDirection": "row",
                }
              }
            >
              <View
                accessibilityLabel="some_uri_4"
                accessible={true}
                collapsable={false}
                focusable={true}
                onClick={[Function]}
                onResponderGrant={[Function]}
                onResponderMove={[Function]}
                onResponderRelease={[Function]}
                onResponderTerminate={[Function]}
                onResponderTerminationRequest={[Function]}
                onStartShouldSetResponder={[Function]}
                style={
                  {
                    "opacity": 1,
                    "paddingHorizontal": 1,
                    "paddingTop": 2,
                  }
                }
              >
                <Image
                  source={
                    {
                      "uri": "some_uri_4",
                    }
                  }
                  style={
                    {
                      "height": 185.5,
                      "width": 185.5,
                    }
                  }
                />
              </View>
            </View>
          </CellContainer>
          <CellContainer
            index={4}
            onLayout={[Function]}
            style={
              {
                "alignItems": "stretch",
                "flexDirection": "column",
                "left": 0,
                "position": "absolute",
                "top": 97,
                "width": 100,
              }
            }
          >
            <View
              style={
                {
                  "flexDirection": "row",
                }
              }
            >
              <View
                accessibilityLabel="some_uri_5"
                accessible={true}
                collapsable={false}
                focusable={true}
                onClick={[Function]}
                onResponderGrant={[Function]}
                onResponderMove={[Function]}
                onResponderRelease={[Function]}
                onResponderTerminate={[Function]}
                onResponderTerminationRequest={[Function]}
                onStartShouldSetResponder={[Function]}
                style={
                  {
                    "opacity": 1,
                    "paddingHorizontal": 1,
                    "paddingTop": 2,
                  }
                }
              >
                <Image
                  source={
                    {
                      "uri": "some_uri_5",
                    }
                  }
                  style={
                    {
                      "height": 185.5,
                      "width": 185.5,
                    }
                  }
                />
              </View>
            </View>
          </CellContainer>
        </AutoLayoutView>
        <CellContainer
          index={-1}
          style={
            [
              undefined,
              undefined,
            ]
          }
        />
        <View
          style={
            {
              "paddingBottom": 0,
              "paddingRight": 0,
            }
          }
        />
      </View>
    </View>
  </RCTScrollView>
</View>
`;
